664cbc01fcceaa8b2b698f2bf2e7306a7bc8db12f30c4588005c5a49c4032f98 bin/probe-http
503ca1ec6a09d0bf8e696c36b2e16c2e2264747e57f58230e2885b680cdc2447 bin/probe-v1
1c1699d4af9f3dcf7f436b5aa122ddeeb8a634b74c041ccba1c9a3e20301fa89 bin/probe-v2
1a703fce05ea9e0ccbf01f1bfa2d2b631e10b45c4cef48b34a0cec6ce8f56c3e debug/probe-http.full
b37a82b68a5e5946840647ddcb6f14d24c224570bab8781e029d1df568e53fee debug/probe.full
1cb7697b6e8cd39023e48bc91ca45f622d86f2e34cbb6c9dee2ee185ab26bfce decoded.rss
0aedc92448ae4c3fd2ef3ebb39141c0ac72a8927b79003318206fe0eeb65c1de oci/blobs/sha256/0aedc92448ae4c3fd2ef3ebb39141c0ac72a8927b79003318206fe0eeb65c1de
12637f3bca95bca6312e593981bbe607e42f8b6d66decd9410138dc5351cf894 oci/blobs/sha256/12637f3bca95bca6312e593981bbe607e42f8b6d66decd9410138dc5351cf894
1ea549ee714cc415236c4a0ad89b9c4110fe7b03e66c0597164c02b6ad08c464 oci/blobs/sha256/1ea549ee714cc415236c4a0ad89b9c4110fe7b03e66c0597164c02b6ad08c464
2184370a72ec93fbc098ed7c16e72df3bb9d036d26357d64742dd301c8899424 oci/blobs/sha256/2184370a72ec93fbc098ed7c16e72df3bb9d036d26357d64742dd301c8899424
24eb3b2078b05ff61d8af53235140d3e04f883321379a8b7234b52bfffadcc80 oci/blobs/sha256/24eb3b2078b05ff61d8af53235140d3e04f883321379a8b7234b52bfffadcc80
2ff763bb098d42ca3e3a60506b44454572ec4bb875f9d930d95164b4997a4795 oci/blobs/sha256/2ff763bb098d42ca3e3a60506b44454572ec4bb875f9d930d95164b4997a4795
33a37fae6b45eafcf920210304c4da62adce5e75f71d041e1b8b72910335d48a oci/blobs/sha256/33a37fae6b45eafcf920210304c4da62adce5e75f71d041e1b8b72910335d48a
340a5dc43a7607c65ee7195922ec7bcc233b4b3159ba50f0066594b94924b669 oci/blobs/sha256/340a5dc43a7607c65ee7195922ec7bcc233b4b3159ba50f0066594b94924b669
5e31ff32de3896f9f144752d814b3b0b9a0e67ffdc2482d58f6278b9b9780ec3 oci/blobs/sha256/5e31ff32de3896f9f144752d814b3b0b9a0e67ffdc2482d58f6278b9b9780ec3
63b4ec842632fc96d7d5cccebc608639ed74e5254536fd5b2108cfd5abeeaf97 oci/blobs/sha256/63b4ec842632fc96d7d5cccebc608639ed74e5254536fd5b2108cfd5abeeaf97
6c771b924d75b95dc054c2ef6acea664f5abc2d97a578722b97fc2655851058d oci/blobs/sha256/6c771b924d75b95dc054c2ef6acea664f5abc2d97a578722b97fc2655851058d
7baeabf9c47154f5c988c2a87fe7eca98b240e39dc449007b5ba9300597ebea9 oci/blobs/sha256/7baeabf9c47154f5c988c2a87fe7eca98b240e39dc449007b5ba9300597ebea9
94f9b77f6329e51680a43f126a401dd9a88768eee4c0d8a5c497e58467c284e0 oci/blobs/sha256/94f9b77f6329e51680a43f126a401dd9a88768eee4c0d8a5c497e58467c284e0
9c099b012b50ed35ae3ea99dda64d0e1ee23f6046a9de00c616558b986a012c0 oci/blobs/sha256/9c099b012b50ed35ae3ea99dda64d0e1ee23f6046a9de00c616558b986a012c0
a43079fdb2e6d3f462c0e6a3f600e5c4de9734901150b9faabf48b158d4a39ab oci/blobs/sha256/a43079fdb2e6d3f462c0e6a3f600e5c4de9734901150b9faabf48b158d4a39ab
c4775a378a0be069eff828e94cc3d67244e47af08cd4dcff8e1a335e87e4359b oci/blobs/sha256/c4775a378a0be069eff828e94cc3d67244e47af08cd4dcff8e1a335e87e4359b
e68d5c7720d330e492ba59df7d5445748b1df7b2188dd6a01e9ccdba451b462d oci/blobs/sha256/e68d5c7720d330e492ba59df7d5445748b1df7b2188dd6a01e9ccdba451b462d
fdd719f4cb549d4107f8a4a34050e1fa50d22a2d0242a2898feb3661a3f63275 oci/blobs/sha256/fdd719f4cb549d4107f8a4a34050e1fa50d22a2d0242a2898feb3661a3f63275
2cbd94401bbe5551c149c12cb7d8456553eb329e0ca71ef6a1cb534a8f9ce6bc oci/index.json
18f0797eab35a4597c1e9624aa4f15fd91f6254e5538c1e0d193b2a95dd4acc6 oci/oci-layout
976c28d0d44c6fcdfbf672c958dc63dda709f47741e6d4260170a09ea7f0a0f0 payloads/gzip-6
9843dd42ed5f99643e579dae429662242df8bffa9d2c720cf6cef79f5a078737 payloads/gzip-6.rss
f0baebe858be5977b22db5780834cc30e50f9c9a99e67fb85c71fa0ad1cda1e8 payloads/xz-6
ab4433d642e6c61afe80cdb38a10efc87a2d94999de986397b2e52feafc2b61c payloads/xz-6.rss
00d294a11bd2fa88a66c52255a40f38e2ba267a9eb69d3c67f25b794e9655149 payloads/zstd-3
ac11e5edc7a915dbc28469284d266420a7413cc04de9a24aa742d1861f3b5c07 payloads/zstd-3.rss
0e88a84620a03bbcc5bcc6ed3ce31fa1ec9fe3efc04c61e2951a19470c7d7fa7 payloads/zstd-patch
edfd9b5e3d00b52aaebbeabf8e6e3fd919e72b46691441cf3062397aa4d6b689 payloads/zstd-patch.rss
e3b0c44298fc1c149afbf4c8996fb92427ae41e4649b934ca495991b7852b855 probe-stdout
b1e3a4367b6cc54a762acab86ff1937e47311bb551978ec62b91bbf9ddb5e06a probe-stdout.rss
e3b0c44298fc1c149afbf4c8996fb92427ae41e4649b934ca495991b7852b855 runner-overhead
579c81f568f7c29e169413de59514e21afa79aa0787df62272e11a71fd42dabc runner-overhead.rss
2775c890339429ee038c82c87557df68e1db90ed2017799e61859ea28f5b983c signed/TEST-ONLY-public-key.raw
4f772843a2d44cefc006525487a8bc076a1a9b07ac9ec2ace4dc7b86b9e536da signed/gzip-6.json
bf5a69ffed7ca329c3038ca587e53260a2496f6e65efe050afad1f5314f86f4c signed/gzip-6.sig
d8424786a102c92ffe4d2ec87a085fb2fc904c8529ae3228bb1792b8dff84d70 signed/oci-index.sig
b4faa545a32f4b1c4449caa22d0f8ff0d3efaf515a4705f3c63592659ed950db signed/zstd-patch.json
db43a173858935816539cd17f16d93286451e9f76907e4a5a556071b91d4f892 signed/zstd-patch.sig
{
  "compression_bytes": {
    "gzip-6": 876095,
    "zstd-3": 887449,
    "xz-6": 712564,
    "zstd-patch": 420
  },
  "probe_bytes": {
    "probe-v1": 1994904,
    "probe-v2": 1994904,
    "probe-http": 5132440
  },
  "report": "/mnt/data/dp27/repo/experiments/deploy/dp-27/evidence/measurements.json"
}
